2026-08-10 18:13:49,885 - pyskl - INFO - Environment info:
------------------------------------------------------------
sys.platform: win32
Python: 3.10.20 | packaged by Anaconda, Inc. | (main, Jun 11 2026, 15:13:20) [MSC v.1942 64 bit (AMD64)]
CUDA available: True
GPU 0: NVIDIA GeForce RTX 4090
CUDA_HOME: C:\Program Files\NVIDIA GPU Computing Toolkit\CUDA\v12.6
NVCC: Cuda compilation tools, release 12.6, V12.6.20
MSVC: 用于 x64 的 Microsoft (R) C/C++ 优化编译器 19.41.34120 版
GCC: n/a
PyTorch: 1.12.1
PyTorch compiling details: PyTorch built with:
  - C++ Version: 199711
  - MSVC 192829337
  - Intel(R) Math Kernel Library Version 2020.0.2 Product Build 20200624 for Intel(R) 64 architecture applications
  - Intel(R) MKL-DNN v2.6.0 (Git Hash 52b5f107dd9cf10910aaa19cb47f3abf9b349815)
  - OpenMP 2019
  - LAPACK is enabled (usually provided by MKL)
  - CPU capability usage: AVX2
  - CUDA Runtime 11.3
  - NVCC architecture flags: -gencode;arch=compute_37,code=sm_37;-gencode;arch=compute_50,code=sm_50;-gencode;arch=compute_60,code=sm_60;-gencode;arch=compute_61,code=sm_61;-gencode;arch=compute_70,code=sm_70;-gencode;arch=compute_75,code=sm_75;-gencode;arch=compute_80,code=sm_80;-gencode;arch=compute_86,code=sm_86;-gencode;arch=compute_37,code=compute_37
  - CuDNN 8.3.2  (built against CUDA 11.5)
  - Magma 2.5.4
  - Build settings: BLAS_INFO=mkl, BUILD_TYPE=Release, CUDA_VERSION=11.3, CUDNN_VERSION=8.3.2, CXX_COMPILER=C:/cb/pytorch_1000000000000/work/tmp_bin/sccache-cl.exe, CXX_FLAGS=/DWIN32 /D_WINDOWS /GR /EHsc /w /bigobj -DUSE_PTHREADPOOL -openmp:experimental -IC:/cb/pytorch_1000000000000/work/mkl/include -DNDEBUG -DUSE_KINETO -DLIBKINETO_NOCUPTI -DUSE_FBGEMM -DUSE_XNNPACK -DSYMBOLICATE_MOBILE_DEBUG_HANDLE -DEDGE_PROFILER_USE_KINETO, LAPACK_INFO=mkl, PERF_WITH_AVX=1, PERF_WITH_AVX2=1, PERF_WITH_AVX512=1, TORCH_VERSION=1.12.1, USE_CUDA=ON, USE_CUDNN=ON, USE_EXCEPTION_PTR=1, USE_GFLAGS=OFF, USE_GLOG=OFF, USE_MKL=ON, USE_MKLDNN=OFF, USE_MPI=OFF, USE_NCCL=OFF, USE_NNPACK=OFF, USE_OPENMP=ON, USE_ROCM=OFF, 

TorchVision: 0.13.1
OpenCV: 5.0.0
MMCV: 1.7.0
MMCV Compiler: MSVC 192829924
MMCV CUDA Compiler: 11.3
pyskl: 0.1.0+unknown
------------------------------------------------------------

2026-08-10 18:13:49,993 - pyskl - INFO - Config: model = dict(
    type='RecognizerGCN',
    backbone=dict(
        type='CTRGCN', graph_cfg=dict(layout='nturgb+d', mode='spatial')),
    cls_head=dict(type='GCNHead', num_classes=60, in_channels=256))
dataset_type = 'PoseDataset'
ann_file = 'data/nturgbd/ntu60_3danno.pkl'
train_pipeline = [
    dict(type='PreNormalize3D'),
    dict(type='GenSkeFeat', dataset='nturgb+d', feats=['j']),
    dict(type='UniformSample', clip_len=100),
    dict(type='PoseDecode'),
    dict(type='FormatGCNInput', num_person=2),
    dict(type='Collect', keys=['keypoint', 'label'], meta_keys=[]),
    dict(type='ToTensor', keys=['keypoint'])
]
val_pipeline = [
    dict(type='PreNormalize3D'),
    dict(type='GenSkeFeat', dataset='nturgb+d', feats=['j']),
    dict(type='UniformSample', clip_len=100, num_clips=1),
    dict(type='PoseDecode'),
    dict(type='FormatGCNInput', num_person=2),
    dict(type='Collect', keys=['keypoint', 'label'], meta_keys=[]),
    dict(type='ToTensor', keys=['keypoint'])
]
test_pipeline = [
    dict(type='PreNormalize3D'),
    dict(type='GenSkeFeat', dataset='nturgb+d', feats=['j']),
    dict(type='UniformSample', clip_len=100, num_clips=10),
    dict(type='PoseDecode'),
    dict(type='FormatGCNInput', num_person=2),
    dict(type='Collect', keys=['keypoint', 'label'], meta_keys=[]),
    dict(type='ToTensor', keys=['keypoint'])
]
data = dict(
    videos_per_gpu=64,
    workers_per_gpu=4,
    test_dataloader=dict(videos_per_gpu=1),
    train=dict(
        type='RepeatDataset',
        times=5,
        dataset=dict(
            type='PoseDataset',
            ann_file='data/nturgbd/ntu60_3danno.pkl',
            pipeline=[
                dict(type='PreNormalize3D'),
                dict(type='GenSkeFeat', dataset='nturgb+d', feats=['j']),
                dict(type='UniformSample', clip_len=100),
                dict(type='PoseDecode'),
                dict(type='FormatGCNInput', num_person=2),
                dict(type='Collect', keys=['keypoint', 'label'], meta_keys=[]),
                dict(type='ToTensor', keys=['keypoint'])
            ],
            split='xsub_train')),
    val=dict(
        type='PoseDataset',
        ann_file='data/nturgbd/ntu60_3danno.pkl',
        pipeline=[
            dict(type='PreNormalize3D'),
            dict(type='GenSkeFeat', dataset='nturgb+d', feats=['j']),
            dict(type='UniformSample', clip_len=100, num_clips=1),
            dict(type='PoseDecode'),
            dict(type='FormatGCNInput', num_person=2),
            dict(type='Collect', keys=['keypoint', 'label'], meta_keys=[]),
            dict(type='ToTensor', keys=['keypoint'])
        ],
        split='xsub_val'),
    test=dict(
        type='PoseDataset',
        ann_file='data/nturgbd/ntu60_3danno.pkl',
        pipeline=[
            dict(type='PreNormalize3D'),
            dict(type='GenSkeFeat', dataset='nturgb+d', feats=['j']),
            dict(type='UniformSample', clip_len=100, num_clips=10),
            dict(type='PoseDecode'),
            dict(type='FormatGCNInput', num_person=2),
            dict(type='Collect', keys=['keypoint', 'label'], meta_keys=[]),
            dict(type='ToTensor', keys=['keypoint'])
        ],
        split='xsub_val'))
optimizer = dict(
    type='SGD', lr=0.05, momentum=0.9, weight_decay=0.0005, nesterov=True)
optimizer_config = dict(grad_clip=None)
lr_config = dict(policy='CosineAnnealing', min_lr=0, by_epoch=False)
total_epochs = 16
checkpoint_config = dict(interval=1)
evaluation = dict(interval=1, metrics=['top_k_accuracy'])
log_config = dict(interval=100, hooks=[dict(type='TextLoggerHook')])
log_level = 'INFO'
work_dir = './work_dirs/ctrgcn/ctrgcn_pyskl_ntu60_xsub_3dkp/j_single_gpu'
dist_params = dict(backend='gloo')
gpu_ids = range(0, 1)

2026-08-10 18:13:49,993 - pyskl - INFO - Set random seed to 255, deterministic: True
2026-08-10 18:13:57,105 - pyskl - INFO - 40091 videos remain after valid thresholding
2026-08-10 18:14:08,776 - pyskl - INFO - 16487 videos remain after valid thresholding
2026-08-10 18:14:08,777 - pyskl - INFO - Start running, host: Administrator@D412-ASUS4090, work_dir: D:\YxjProject\pythonProject\pyskl\work_dirs\ctrgcn\ctrgcn_pyskl_ntu60_xsub_3dkp\j_single_gpu
2026-08-10 18:14:08,777 - pyskl - INFO - Hooks will be executed in the following order:
before_run:
(VERY_HIGH   ) CosineAnnealingLrUpdaterHook       
(NORMAL      ) CheckpointHook                     
(NORMAL      ) DistEvalHook                       
(VERY_LOW    ) TextLoggerHook                     
 -------------------- 
before_train_epoch:
(VERY_HIGH   ) CosineAnnealingLrUpdaterHook       
(NORMAL      ) DistSamplerSeedHook                
(NORMAL      ) DistEvalHook                       
(LOW         ) IterTimerHook                      
(VERY_LOW    ) TextLoggerHook                     
 -------------------- 
before_train_iter:
(VERY_HIGH   ) CosineAnnealingLrUpdaterHook       
(NORMAL      ) DistEvalHook                       
(LOW         ) IterTimerHook                      
 -------------------- 
after_train_iter:
(ABOVE_NORMAL) OptimizerHook                      
(NORMAL      ) CheckpointHook                     
(NORMAL      ) DistEvalHook                       
(LOW         ) IterTimerHook                      
(VERY_LOW    ) TextLoggerHook                     
 -------------------- 
after_train_epoch:
(NORMAL      ) CheckpointHook                     
(NORMAL      ) DistEvalHook                       
(VERY_LOW    ) TextLoggerHook                     
 -------------------- 
before_val_epoch:
(NORMAL      ) DistSamplerSeedHook                
(LOW         ) IterTimerHook                      
(VERY_LOW    ) TextLoggerHook                     
 -------------------- 
before_val_iter:
(LOW         ) IterTimerHook                      
 -------------------- 
after_val_iter:
(LOW         ) IterTimerHook                      
 -------------------- 
after_val_epoch:
(VERY_LOW    ) TextLoggerHook                     
 -------------------- 
after_run:
(VERY_LOW    ) TextLoggerHook                     
 -------------------- 
2026-08-10 18:14:08,778 - pyskl - INFO - workflow: [('train', 1)], max: 16 epochs
2026-08-10 18:14:08,778 - pyskl - INFO - Checkpoints will be saved to D:\YxjProject\pythonProject\pyskl\work_dirs\ctrgcn\ctrgcn_pyskl_ntu60_xsub_3dkp\j_single_gpu by HardDiskBackend.
2026-08-10 18:19:15,919 - pyskl - INFO - Epoch [1][100/3133]	lr: 5.000e-02, eta: 1 day, 18:40:55, time: 3.071, data_time: 0.166, memory: 12326, top1_acc: 0.1080, top5_acc: 0.3231, loss_cls: 3.7129, loss: 3.7129
2026-08-10 18:24:01,522 - pyskl - INFO - Epoch [1][200/3133]	lr: 5.000e-02, eta: 1 day, 17:06:11, time: 2.856, data_time: 0.000, memory: 12326, top1_acc: 0.2531, top5_acc: 0.5942, loss_cls: 2.6405, loss: 2.6405
2026-08-10 18:28:47,182 - pyskl - INFO - Epoch [1][300/3133]	lr: 5.000e-02, eta: 1 day, 16:31:36, time: 2.857, data_time: 0.000, memory: 12326, top1_acc: 0.3409, top5_acc: 0.7302, loss_cls: 2.2273, loss: 2.2273
2026-08-10 18:33:32,371 - pyskl - INFO - Epoch [1][400/3133]	lr: 4.999e-02, eta: 1 day, 16:10:57, time: 2.852, data_time: 0.000, memory: 12326, top1_acc: 0.4002, top5_acc: 0.7816, loss_cls: 2.0087, loss: 2.0087
2026-08-10 18:38:17,239 - pyskl - INFO - Epoch [1][500/3133]	lr: 4.999e-02, eta: 1 day, 15:56:08, time: 2.849, data_time: 0.000, memory: 12326, top1_acc: 0.4339, top5_acc: 0.8067, loss_cls: 1.8602, loss: 1.8602
2026-08-10 18:43:02,952 - pyskl - INFO - Epoch [1][600/3133]	lr: 4.998e-02, eta: 1 day, 15:45:49, time: 2.857, data_time: 0.001, memory: 12326, top1_acc: 0.4723, top5_acc: 0.8361, loss_cls: 1.7701, loss: 1.7701
2026-08-10 18:47:49,004 - pyskl - INFO - Epoch [1][700/3133]	lr: 4.998e-02, eta: 1 day, 15:37:30, time: 2.861, data_time: 0.000, memory: 12326, top1_acc: 0.4906, top5_acc: 0.8494, loss_cls: 1.6788, loss: 1.6788
2026-08-10 18:52:34,816 - pyskl - INFO - Epoch [1][800/3133]	lr: 4.997e-02, eta: 1 day, 15:29:50, time: 2.858, data_time: 0.000, memory: 12326, top1_acc: 0.5302, top5_acc: 0.8745, loss_cls: 1.5279, loss: 1.5279
2026-08-10 18:57:20,629 - pyskl - INFO - Epoch [1][900/3133]	lr: 4.996e-02, eta: 1 day, 15:22:48, time: 2.858, data_time: 0.000, memory: 12326, top1_acc: 0.5572, top5_acc: 0.8916, loss_cls: 1.4339, loss: 1.4339
2026-08-10 19:02:05,197 - pyskl - INFO - Epoch [1][1000/3133]	lr: 4.995e-02, eta: 1 day, 15:15:12, time: 2.846, data_time: 0.000, memory: 12326, top1_acc: 0.5716, top5_acc: 0.8909, loss_cls: 1.3747, loss: 1.3747
2026-08-10 19:06:50,772 - pyskl - INFO - Epoch [1][1100/3133]	lr: 4.994e-02, eta: 1 day, 15:08:52, time: 2.856, data_time: 0.000, memory: 12326, top1_acc: 0.5947, top5_acc: 0.9045, loss_cls: 1.3136, loss: 1.3136
2026-08-10 19:11:36,251 - pyskl - INFO - Epoch [1][1200/3133]	lr: 4.993e-02, eta: 1 day, 15:02:44, time: 2.855, data_time: 0.000, memory: 12326, top1_acc: 0.6083, top5_acc: 0.9159, loss_cls: 1.2493, loss: 1.2493
2026-08-10 19:16:22,019 - pyskl - INFO - Epoch [1][1300/3133]	lr: 4.992e-02, eta: 1 day, 14:57:00, time: 2.858, data_time: 0.000, memory: 12326, top1_acc: 0.6397, top5_acc: 0.9152, loss_cls: 1.1796, loss: 1.1796
2026-08-10 19:21:07,598 - pyskl - INFO - Epoch [1][1400/3133]	lr: 4.990e-02, eta: 1 day, 14:51:17, time: 2.856, data_time: 0.000, memory: 12326, top1_acc: 0.6458, top5_acc: 0.9227, loss_cls: 1.1350, loss: 1.1350
2026-08-10 19:25:53,054 - pyskl - INFO - Epoch [1][1500/3133]	lr: 4.989e-02, eta: 1 day, 14:45:38, time: 2.855, data_time: 0.000, memory: 12326, top1_acc: 0.6616, top5_acc: 0.9281, loss_cls: 1.0985, loss: 1.0985
2026-08-10 19:30:38,631 - pyskl - INFO - Epoch [1][1600/3133]	lr: 4.987e-02, eta: 1 day, 14:40:10, time: 2.856, data_time: 0.000, memory: 12326, top1_acc: 0.6622, top5_acc: 0.9237, loss_cls: 1.0990, loss: 1.0990
2026-08-10 19:35:23,585 - pyskl - INFO - Epoch [1][1700/3133]	lr: 4.986e-02, eta: 1 day, 14:34:28, time: 2.850, data_time: 0.000, memory: 12326, top1_acc: 0.6713, top5_acc: 0.9323, loss_cls: 1.0460, loss: 1.0460
2026-08-10 19:40:09,279 - pyskl - INFO - Epoch [1][1800/3133]	lr: 4.984e-02, eta: 1 day, 14:29:13, time: 2.857, data_time: 0.000, memory: 12326, top1_acc: 0.6959, top5_acc: 0.9381, loss_cls: 0.9757, loss: 0.9757
2026-08-10 19:44:54,263 - pyskl - INFO - Epoch [1][1900/3133]	lr: 4.982e-02, eta: 1 day, 14:23:43, time: 2.850, data_time: 0.000, memory: 12326, top1_acc: 0.7006, top5_acc: 0.9405, loss_cls: 0.9665, loss: 0.9665
2026-08-10 19:49:40,475 - pyskl - INFO - Epoch [1][2000/3133]	lr: 4.980e-02, eta: 1 day, 14:18:47, time: 2.862, data_time: 0.000, memory: 12326, top1_acc: 0.7092, top5_acc: 0.9456, loss_cls: 0.9158, loss: 0.9158
2026-08-10 19:54:26,546 - pyskl - INFO - Epoch [1][2100/3133]	lr: 4.978e-02, eta: 1 day, 14:13:48, time: 2.861, data_time: 0.000, memory: 12326, top1_acc: 0.7153, top5_acc: 0.9464, loss_cls: 0.9044, loss: 0.9044
2026-08-10 19:59:12,007 - pyskl - INFO - Epoch [1][2200/3133]	lr: 4.976e-02, eta: 1 day, 14:08:38, time: 2.855, data_time: 0.000, memory: 12326, top1_acc: 0.7241, top5_acc: 0.9463, loss_cls: 0.8907, loss: 0.8907
2026-08-10 20:03:56,964 - pyskl - INFO - Epoch [1][2300/3133]	lr: 4.974e-02, eta: 1 day, 14:03:19, time: 2.850, data_time: 0.000, memory: 12326, top1_acc: 0.7302, top5_acc: 0.9487, loss_cls: 0.8638, loss: 0.8638
2026-08-10 20:08:42,109 - pyskl - INFO - Epoch [1][2400/3133]	lr: 4.972e-02, eta: 1 day, 13:58:07, time: 2.851, data_time: 0.000, memory: 12326, top1_acc: 0.7383, top5_acc: 0.9508, loss_cls: 0.8434, loss: 0.8434
2026-08-10 20:13:27,515 - pyskl - INFO - Epoch [1][2500/3133]	lr: 4.969e-02, eta: 1 day, 13:53:02, time: 2.854, data_time: 0.000, memory: 12326, top1_acc: 0.7383, top5_acc: 0.9541, loss_cls: 0.8217, loss: 0.8217
2026-08-10 20:18:13,068 - pyskl - INFO - Epoch [1][2600/3133]	lr: 4.967e-02, eta: 1 day, 13:48:01, time: 2.856, data_time: 0.000, memory: 12326, top1_acc: 0.7425, top5_acc: 0.9486, loss_cls: 0.8282, loss: 0.8282
2026-08-10 20:22:58,419 - pyskl - INFO - Epoch [1][2700/3133]	lr: 4.964e-02, eta: 1 day, 13:42:58, time: 2.854, data_time: 0.000, memory: 12326, top1_acc: 0.7409, top5_acc: 0.9531, loss_cls: 0.8194, loss: 0.8194
2026-08-10 20:27:44,556 - pyskl - INFO - Epoch [1][2800/3133]	lr: 4.962e-02, eta: 1 day, 13:38:09, time: 2.861, data_time: 0.000, memory: 12326, top1_acc: 0.7567, top5_acc: 0.9547, loss_cls: 0.7824, loss: 0.7824
2026-08-10 20:32:29,225 - pyskl - INFO - Epoch [1][2900/3133]	lr: 4.959e-02, eta: 1 day, 13:32:56, time: 2.847, data_time: 0.001, memory: 12326, top1_acc: 0.7653, top5_acc: 0.9561, loss_cls: 0.7477, loss: 0.7477
2026-08-10 20:37:14,055 - pyskl - INFO - Epoch [1][3000/3133]	lr: 4.956e-02, eta: 1 day, 13:27:48, time: 2.848, data_time: 0.000, memory: 12326, top1_acc: 0.7631, top5_acc: 0.9534, loss_cls: 0.7667, loss: 0.7667
2026-08-10 20:41:59,288 - pyskl - INFO - Epoch [1][3100/3133]	lr: 4.953e-02, eta: 1 day, 13:22:48, time: 2.852, data_time: 0.000, memory: 12326, top1_acc: 0.7666, top5_acc: 0.9619, loss_cls: 0.7338, loss: 0.7338
2026-08-10 20:43:31,065 - pyskl - INFO - Saving checkpoint at 1 epochs
2026-08-10 20:54:48,220 - pyskl - INFO - Evaluating top_k_accuracy ...
2026-08-10 20:54:48,260 - pyskl - INFO - 
top1_acc	0.6353
top5_acc	0.9265
2026-08-10 20:54:48,342 - pyskl - INFO - Now best checkpoint is saved as best_top1_acc_epoch_1.pth.
2026-08-10 20:54:48,342 - pyskl - INFO - Best top1_acc is 0.6353 at 1 epoch.
2026-08-10 20:54:48,343 - pyskl - INFO - Epoch(val) [1][258]	top1_acc: 0.6353, top5_acc: 0.9265
2026-08-10 20:59:46,697 - pyskl - INFO - Epoch [2][100/3133]	lr: 4.949e-02, eta: 1 day, 12:56:34, time: 2.983, data_time: 0.119, memory: 12326, top1_acc: 0.7634, top5_acc: 0.9561, loss_cls: 0.7600, loss: 0.7600
